// Vitest Snapshot v1, https://vitest.dev/guide/snapshot.html

exports[`renders spaces and agents, always-expanded tabs, filtering and pinned controls 1`] = `
[
  {
    "branch": "LOOM-1 · in progress",
    "name": "Open space Fix delivery race",
    "text": "Fix delivery race",
  },
  {
    "branch": null,
    "name": "Open tab Implementer",
    "text": "Implementer",
  },
  {
    "branch": "—",
    "name": "Open space research",
    "text": "research",
  },
  {
    "branch": null,
    "name": "Open tab shell",
    "text": "shell",
  },
]
`;
